--------------------------------------------------------------------------------
Release 14.5 Trace  (nt64)
Copyright (c) 1995-2012 Xilinx, Inc.  All rights reserved.

C:\Xilinx\14.5\ISE_DS\ISE\bin\nt64\unwrapped\trce.exe -intstyle ise -v 3 -s 3
-n 3 -fastpaths -xml modulo_11_TC_adder.twx modulo_11_TC_adder.ncd -o
modulo_11_TC_adder.twr modulo_11_TC_adder.pcf

Design file:              modulo_11_TC_adder.ncd
Physical constraint file: modulo_11_TC_adder.pcf
Device,package,speed:     xc7a100t,csg324,C,-3 (PRODUCTION 1.08 2013-03-26)
Report level:             verbose report

Environment Variable      Effect 
--------------------      ------ 
NONE                      No environment variables were set
--------------------------------------------------------------------------------

INFO:Timing:2698 - No timing constraints found, doing default enumeration.
INFO:Timing:3412 - To improve timing, see the Timing Closure User Guide (UG612).
INFO:Timing:2752 - To get complete path coverage, use the unconstrained paths 
   option. All paths that are not constrained will be reported in the 
   unconstrained paths section(s) of the report.
INFO:Timing:3339 - The clock-to-out numbers in this timing report are based on 
   a 50 Ohm transmission line loading model.  For the details of this model, 
   and for more information on accounting for different loading conditions, 
   please see the device datasheet.



Data Sheet report:
-----------------
All values displayed in nanoseconds (ns)

Pad to Pad
---------------+---------------+---------+
Source Pad     |Destination Pad|  Delay  |
---------------+---------------+---------+
a<1>           |sum<1>         |   12.586|
a<1>           |sum<2>         |   12.652|
a<1>           |sum<3>         |   12.410|
a<1>           |sum<4>         |   12.316|
a<2>           |sum<1>         |   12.538|
a<2>           |sum<2>         |   12.604|
a<2>           |sum<3>         |   12.362|
a<2>           |sum<4>         |   12.268|
a<3>           |sum<1>         |   12.285|
a<3>           |sum<2>         |   12.351|
a<3>           |sum<3>         |   12.109|
a<3>           |sum<4>         |   12.015|
a<4>           |sum<1>         |   12.297|
a<4>           |sum<2>         |   12.363|
a<4>           |sum<3>         |   12.121|
a<4>           |sum<4>         |   12.027|
b<1>           |sum<1>         |   12.185|
b<1>           |sum<2>         |   12.251|
b<1>           |sum<3>         |   12.009|
b<1>           |sum<4>         |   11.915|
b<2>           |sum<1>         |   12.180|
b<2>           |sum<2>         |   12.246|
b<2>           |sum<3>         |   12.004|
b<2>           |sum<4>         |   11.910|
b<3>           |sum<1>         |   12.115|
b<3>           |sum<2>         |   12.181|
b<3>           |sum<3>         |   11.939|
b<3>           |sum<4>         |   11.845|
b<4>           |sum<1>         |   12.169|
b<4>           |sum<2>         |   12.235|
b<4>           |sum<3>         |   11.993|
b<4>           |sum<4>         |   11.899|
---------------+---------------+---------+


Analysis completed Tue Jun 08 19:14:33 2021 
--------------------------------------------------------------------------------

Trace Settings:
-------------------------
Trace Settings 

Peak Memory Usage: 4997 MB



